

C:\Users\Admin\AppData\Roaming\MetaQuotes\Terminal\D0E8209F77C8CF37AD8BF550E51FF075\MQL5\Experts\FuzzyLogicBasedOnTan\FuzzyLogicBasedOnTan.mq5 : information: compiling C:\Users\Admin\AppData\Roaming\MetaQuotes\Terminal\D0E8209F77C8CF37AD8BF550E51FF075\MQL5\Experts\FuzzyLogicBasedOnTan\FuzzyLogicBasedOnTan.mq5
C:\Users\Admin\AppData\Roaming\MetaQuotes\Terminal\D0E8209F77C8CF37AD8BF550E51FF075\MQL5\Experts\FuzzyLogicBasedOnTan\FuzzyLogicBasedOnTan.mq5 : information: including C:\Users\Admin\AppData\Roaming\MetaQuotes\Terminal\D0E8209F77C8CF37AD8BF550E51FF075\MQL5\Experts\FuzzyLogicBasedOnTan\Includes\Fuzzy\FuzzySystem.mqh
C:\Users\Admin\AppData\Roaming\MetaQuotes\Terminal\D0E8209F77C8CF37AD8BF550E51FF075\MQL5\Experts\FuzzyLogicBasedOnTan\Includes\Fuzzy\FuzzySystem.mqh : information: including C:\Users\Admin\AppData\Roaming\MetaQuotes\Terminal\D0E8209F77C8CF37AD8BF550E51FF075\MQL5\Experts\FuzzyLogicBasedOnTan\Includes\Fuzzy\FuzzyRule.mqh
C:\Users\Admin\AppData\Roaming\MetaQuotes\Terminal\D0E8209F77C8CF37AD8BF550E51FF075\MQL5\Experts\FuzzyLogicBasedOnTan\Includes\Fuzzy\FuzzyRule.mqh : information: including C:\Users\Admin\AppData\Roaming\MetaQuotes\Terminal\D0E8209F77C8CF37AD8BF550E51FF075\MQL5\Experts\FuzzyLogicBasedOnTan\Includes\Fuzzy\FuzzyVariable.mqh
C:\Users\Admin\AppData\Roaming\MetaQuotes\Terminal\D0E8209F77C8CF37AD8BF550E51FF075\MQL5\Experts\FuzzyLogicBasedOnTan\Includes\Fuzzy\FuzzyVariable.mqh : information: including C:\Users\Admin\AppData\Roaming\MetaQuotes\Terminal\D0E8209F77C8CF37AD8BF550E51FF075\MQL5\Experts\FuzzyLogicBasedOnTan\Includes\Fuzzy\FuzzySet.mqh
C:\Users\Admin\AppData\Roaming\MetaQuotes\Terminal\D0E8209F77C8CF37AD8BF550E51FF075\MQL5\Experts\FuzzyLogicBasedOnTan\Includes\Fuzzy\FuzzySet.mqh : information: including C:\Users\Admin\AppData\Roaming\MetaQuotes\Terminal\D0E8209F77C8CF37AD8BF550E51FF075\MQL5\Include\Object.mqh
C:\Users\Admin\AppData\Roaming\MetaQuotes\Terminal\D0E8209F77C8CF37AD8BF550E51FF075\MQL5\Include\Object.mqh : information: including C:\Users\Admin\AppData\Roaming\MetaQuotes\Terminal\D0E8209F77C8CF37AD8BF550E51FF075\MQL5\Include\StdLibErr.mqh
C:\Users\Admin\AppData\Roaming\MetaQuotes\Terminal\D0E8209F77C8CF37AD8BF550E51FF075\MQL5\Experts\FuzzyLogicBasedOnTan\FuzzyLogicBasedOnTan.mq5 : information: including C:\Users\Admin\AppData\Roaming\MetaQuotes\Terminal\D0E8209F77C8CF37AD8BF550E51FF075\MQL5\Experts\FuzzyLogicBasedOnTan\Includes\GUI\GUIPanel.mqh
C:\Users\Admin\AppData\Roaming\MetaQuotes\Terminal\D0E8209F77C8CF37AD8BF550E51FF075\MQL5\Experts\FuzzyLogicBasedOnTan\Includes\GUI\GUIPanel.mqh : information: including C:\Users\Admin\AppData\Roaming\MetaQuotes\Terminal\D0E8209F77C8CF37AD8BF550E51FF075\MQL5\Include\ChartObjects\ChartObjectsTxtControls.mqh
C:\Users\Admin\AppData\Roaming\MetaQuotes\Terminal\D0E8209F77C8CF37AD8BF550E51FF075\MQL5\Include\ChartObjects\ChartObjectsTxtControls.mqh : information: including C:\Users\Admin\AppData\Roaming\MetaQuotes\Terminal\D0E8209F77C8CF37AD8BF550E51FF075\MQL5\Include\ChartObjects\ChartObject.mqh
C:\Users\Admin\AppData\Roaming\MetaQuotes\Terminal\D0E8209F77C8CF37AD8BF550E51FF075\MQL5\Experts\FuzzyLogicBasedOnTan\Includes\GUI\GUIPanel.mqh : information: including C:\Users\Admin\AppData\Roaming\MetaQuotes\Terminal\D0E8209F77C8CF37AD8BF550E51FF075\MQL5\Include\ChartObjects\ChartObjectsShapes.mqh
C:\Users\Admin\AppData\Roaming\MetaQuotes\Terminal\D0E8209F77C8CF37AD8BF550E51FF075\MQL5\Experts\FuzzyLogicBasedOnTan\Includes\GUI\GUIPanel.mqh : information: including C:\Users\Admin\AppData\Roaming\MetaQuotes\Terminal\D0E8209F77C8CF37AD8BF550E51FF075\MQL5\Include\Controls\Dialog.mqh
C:\Users\Admin\AppData\Roaming\MetaQuotes\Terminal\D0E8209F77C8CF37AD8BF550E51FF075\MQL5\Include\Controls\Dialog.mqh : information: including C:\Users\Admin\AppData\Roaming\MetaQuotes\Terminal\D0E8209F77C8CF37AD8BF550E51FF075\MQL5\Include\Controls\WndContainer.mqh
C:\Users\Admin\AppData\Roaming\MetaQuotes\Terminal\D0E8209F77C8CF37AD8BF550E51FF075\MQL5\Include\Controls\WndContainer.mqh : information: including C:\Users\Admin\AppData\Roaming\MetaQuotes\Terminal\D0E8209F77C8CF37AD8BF550E51FF075\MQL5\Include\Controls\Wnd.mqh
C:\Users\Admin\AppData\Roaming\MetaQuotes\Terminal\D0E8209F77C8CF37AD8BF550E51FF075\MQL5\Include\Controls\Wnd.mqh : information: including C:\Users\Admin\AppData\Roaming\MetaQuotes\Terminal\D0E8209F77C8CF37AD8BF550E51FF075\MQL5\Include\Controls\Rect.mqh
C:\Users\Admin\AppData\Roaming\MetaQuotes\Terminal\D0E8209F77C8CF37AD8BF550E51FF075\MQL5\Include\Controls\Wnd.mqh : information: including C:\Users\Admin\AppData\Roaming\MetaQuotes\Terminal\D0E8209F77C8CF37AD8BF550E51FF075\MQL5\Include\Controls\Defines.mqh
C:\Users\Admin\AppData\Roaming\MetaQuotes\Terminal\D0E8209F77C8CF37AD8BF550E51FF075\MQL5\Include\Controls\WndContainer.mqh : information: including C:\Users\Admin\AppData\Roaming\MetaQuotes\Terminal\D0E8209F77C8CF37AD8BF550E51FF075\MQL5\Include\Arrays\ArrayObj.mqh
C:\Users\Admin\AppData\Roaming\MetaQuotes\Terminal\D0E8209F77C8CF37AD8BF550E51FF075\MQL5\Include\Arrays\ArrayObj.mqh : information: including C:\Users\Admin\AppData\Roaming\MetaQuotes\Terminal\D0E8209F77C8CF37AD8BF550E51FF075\MQL5\Include\Arrays\Array.mqh
C:\Users\Admin\AppData\Roaming\MetaQuotes\Terminal\D0E8209F77C8CF37AD8BF550E51FF075\MQL5\Include\Controls\Dialog.mqh : information: including C:\Users\Admin\AppData\Roaming\MetaQuotes\Terminal\D0E8209F77C8CF37AD8BF550E51FF075\MQL5\Include\Controls\WndClient.mqh
C:\Users\Admin\AppData\Roaming\MetaQuotes\Terminal\D0E8209F77C8CF37AD8BF550E51FF075\MQL5\Include\Controls\WndClient.mqh : information: including C:\Users\Admin\AppData\Roaming\MetaQuotes\Terminal\D0E8209F77C8CF37AD8BF550E51FF075\MQL5\Include\Controls\Panel.mqh
C:\Users\Admin\AppData\Roaming\MetaQuotes\Terminal\D0E8209F77C8CF37AD8BF550E51FF075\MQL5\Include\Controls\Panel.mqh : information: including C:\Users\Admin\AppData\Roaming\MetaQuotes\Terminal\D0E8209F77C8CF37AD8BF550E51FF075\MQL5\Include\Controls\WndObj.mqh
C:\Users\Admin\AppData\Roaming\MetaQuotes\Terminal\D0E8209F77C8CF37AD8BF550E51FF075\MQL5\Include\Controls\WndClient.mqh : information: including C:\Users\Admin\AppData\Roaming\MetaQuotes\Terminal\D0E8209F77C8CF37AD8BF550E51FF075\MQL5\Include\Controls\Scrolls.mqh
C:\Users\Admin\AppData\Roaming\MetaQuotes\Terminal\D0E8209F77C8CF37AD8BF550E51FF075\MQL5\Include\Controls\Scrolls.mqh : information: including C:\Users\Admin\AppData\Roaming\MetaQuotes\Terminal\D0E8209F77C8CF37AD8BF550E51FF075\MQL5\Include\Controls\BmpButton.mqh
C:\Users\Admin\AppData\Roaming\MetaQuotes\Terminal\D0E8209F77C8CF37AD8BF550E51FF075\MQL5\Include\Controls\BmpButton.mqh : information: including C:\Users\Admin\AppData\Roaming\MetaQuotes\Terminal\D0E8209F77C8CF37AD8BF550E51FF075\MQL5\Include\ChartObjects\ChartObjectsBmpControls.mqh
C:\Users\Admin\AppData\Roaming\MetaQuotes\Terminal\D0E8209F77C8CF37AD8BF550E51FF075\MQL5\Include\Controls\Dialog.mqh : information: including C:\Users\Admin\AppData\Roaming\MetaQuotes\Terminal\D0E8209F77C8CF37AD8BF550E51FF075\MQL5\Include\Controls\Edit.mqh
C:\Users\Admin\AppData\Roaming\MetaQuotes\Terminal\D0E8209F77C8CF37AD8BF550E51FF075\MQL5\Include\Controls\Dialog.mqh : information: including C:\Users\Admin\AppData\Roaming\MetaQuotes\Terminal\D0E8209F77C8CF37AD8BF550E51FF075\MQL5\Include\Charts\Chart.mqh
C:\Users\Admin\AppData\Roaming\MetaQuotes\Terminal\D0E8209F77C8CF37AD8BF550E51FF075\MQL5\Experts\FuzzyLogicBasedOnTan\FuzzyLogicBasedOnTan.mq5 : information: including C:\Users\Admin\AppData\Roaming\MetaQuotes\Terminal\D0E8209F77C8CF37AD8BF550E51FF075\MQL5\Experts\FuzzyLogicBasedOnTan\Includes\Utils\Logger.mqh
C:\Users\Admin\AppData\Roaming\MetaQuotes\Terminal\D0E8209F77C8CF37AD8BF550E51FF075\MQL5\Experts\FuzzyLogicBasedOnTan\Includes\Fuzzy\FuzzySet.mqh(32,55) : warning 74: differed by const qualifier, function 'FuzzySet::Compare' overrides 'CObject::Compare'
C:\Users\Admin\AppData\Roaming\MetaQuotes\Terminal\D0E8209F77C8CF37AD8BF550E51FF075\MQL5\Include\Object.mqh : information: info    see declaration of function 'CObject::Compare'
C:\Users\Admin\AppData\Roaming\MetaQuotes\Terminal\D0E8209F77C8CF37AD8BF550E51FF075\MQL5\Include\Controls\res\Up.bmp : information: resource 'Up.bmp' as resource "::res\Up.bmp"
C:\Users\Admin\AppData\Roaming\MetaQuotes\Terminal\D0E8209F77C8CF37AD8BF550E51FF075\MQL5\Include\Controls\res\ThumbVert.bmp : information: resource 'ThumbVert.bmp' as resource "::res\ThumbVert.bmp"
C:\Users\Admin\AppData\Roaming\MetaQuotes\Terminal\D0E8209F77C8CF37AD8BF550E51FF075\MQL5\Include\Controls\res\Down.bmp : information: resource 'Down.bmp' as resource "::res\Down.bmp"
C:\Users\Admin\AppData\Roaming\MetaQuotes\Terminal\D0E8209F77C8CF37AD8BF550E51FF075\MQL5\Include\Controls\res\Left.bmp : information: resource 'Left.bmp' as resource "::res\Left.bmp"
C:\Users\Admin\AppData\Roaming\MetaQuotes\Terminal\D0E8209F77C8CF37AD8BF550E51FF075\MQL5\Include\Controls\res\ThumbHor.bmp : information: resource 'ThumbHor.bmp' as resource "::res\ThumbHor.bmp"
C:\Users\Admin\AppData\Roaming\MetaQuotes\Terminal\D0E8209F77C8CF37AD8BF550E51FF075\MQL5\Include\Controls\res\Right.bmp : information: resource 'Right.bmp' as resource "::res\Right.bmp"
C:\Users\Admin\AppData\Roaming\MetaQuotes\Terminal\D0E8209F77C8CF37AD8BF550E51FF075\MQL5\Include\Controls\res\Close.bmp : information: resource 'Close.bmp' as resource "::res\Close.bmp"
C:\Users\Admin\AppData\Roaming\MetaQuotes\Terminal\D0E8209F77C8CF37AD8BF550E51FF075\MQL5\Include\Controls\res\Restore.bmp : information: resource 'Restore.bmp' as resource "::res\Restore.bmp"
C:\Users\Admin\AppData\Roaming\MetaQuotes\Terminal\D0E8209F77C8CF37AD8BF550E51FF075\MQL5\Include\Controls\res\Turn.bmp : information: resource 'Turn.bmp' as resource "::res\Turn.bmp"
 : information: generating code
 : information: generating code 3%
 : information: generating code 6%
 : information: generating code 9%
 : information: generating code 12%
 : information: generating code 15%
 : information: generating code 18%
 : information: generating code 21%
 : information: generating code 24%
 : information: generating code 27%
 : information: generating code 30%
 : information: generating code 33%
 : information: generating code 36%
 : information: generating code 39%
 : information: generating code 42%
 : information: generating code 45%
 : information: generating code 48%
 : information: generating code 51%
 : information: generating code 54%
 : information: generating code 57%
 : information: generating code 60%
 : information: generating code 63%
 : information: generating code 66%
 : information: generating code 69%
 : information: generating code 72%
 : information: generating code 75%
 : information: generating code 78%
 : information: generating code 81%
 : information: generating code 84%
 : information: generating code 87%
 : information: generating code 90%
 : information: generating code 93%
 : information: generating code 95%
 : information: generating code 100%
 : information: code generated
Result: 0 errors, 1 warnings, 667 msec elapsed, cpu='X64 Regular'
